// Jest Snapshot v1, https://goo.gl/fbAQLP

exports[`cli should display correct help texts 1`] = `
"Usage: cli [options] [command]

Options:
  -h, --help                   output usage information

Commands:
  install [options] [pattern]  Load fixtures into database. Pattern is
                               optional and can be a glob pattern. [default:
                               \\"fixtures/**/*.bundle.ts\\"
"
`;

exports[`cli should display correct help texts 2`] = `
"Usage: cli install [options] [pattern]

Load fixtures into database. Pattern is optional and can be a glob pattern. [default: \\"fixtures/**/*.bundle.ts\\"

Options:
  -r, --reset-database  Drops and synchronizes the database before loading
                        fixtures
  -c, --connection      Name of connection to use. Check the typeorm
                        documentation for further information. [default:
                        \\"default\\"]
  -m, --use-migrations  Execute migrations instead synchronization after
                        dropping the database
  -h, --help            output usage information
"
`;

exports[`cli should fail on an invalid bundle 1`] = `
"- Collecting fixtures from bundles
[31mâœ–[39m Failed to load bundle file at: src/__tests__/scenarios/invalid/invalid.bundle.ts: Invalid fixture definition.
"
`;

exports[`cli should successfully install a bundle 1`] = `
"- Collecting fixtures from bundles
[32mâœ”[39m Found 1 fixture bundles with a total of 2 fixtures
- Connecting to database
[32mâœ”[39m Connected
- Synchronizing database
[32mâœ”[39m Database reset complete
- src/__tests__/scenarios/simple/simple.bundle.ts
[32mâœ”[39m src/__tests__/scenarios/simple/simple.bundle.ts
[32mâœ”[39m Done
"
`;
